<html>
<body>
<pre>
<h1>µVision Build Log</h1>
<h2>Tool Versions:</h2>
IDE-Version: µVision V5.12.0.0
Copyright (C) 2014 ARM Ltd and ARM Germany GmbH. All rights reserved.
License Information: Kulichkov IIF, SFU, LIC=----
 
Tool Versions:
Toolchain:       MDK-Lite  Version: 5.12.0.0
Toolchain Path:  C:\Keil_v5\ARM\ARMCC\Bin
C Compiler:      Armcc.exe V5.05 (build 41)
Assembler:       Armasm.exe V5.05 (build 41)
Linker/Locator:  ArmLink.exe V5.05 (build 41)
Library Manager: ArmAr.exe V5.05 (build 41)
Hex Converter:   FromElf.exe V5.05 (build 41)
CPU DLL:         SARMCM3.DLL V5.12.0.0
Dialog DLL:      DCM.DLL V1.13.0.0
Target DLL:      UL2CM3.DLL V1.153.0.0
Dialog DLL:      TCM.DLL V1.14.2.0
 
<h2>Project:</h2>
H:\CUMP\Karpov D\First\lr.uvproj
Project File Date:  03/24/2021

<h2>Output:</h2>
Build target 'Target 1'
assembling startup.s...
assembling main.s...
linking...
.\Objects\lr.axf: Warning: L6305W: Image does not have an entry point. (Not specified or not set due to multiple choices.)
.\Objects\lr.sct(8): warning: L6314W: No section matches pattern *(InRoot$$Sections).
Program Size: Code=16 RO-data=0 RW-data=0 ZI-data=0  
Finished: 0 information, 2 warning and 0 error messages.
".\Objects\lr.axf" - 0 Error(s), 2 Warning(s).

<h2>Collection of Component include folders:</h2>
  H:\CUMP\Karpov D\First\RTE
  C:\Keil_v5\ARM\PACK\Keil\STM32F1xx_DFP\1.0.5\Device\Include

<h2>Collection of Component Files used:</h2>
</pre>
</body>
</html>
