Component: ARM Compiler 5.06 update 7 (build 960) Tool: armlink [4d3601]

==============================================================================

Section Cross References

    main.o(MAIN) refers to main.o(VERIABLE_RAM) for mas
    startup.o(MAIN) refers to startup.o(VERIABLE_RAM) for mas
    startup.o(RESET) refers to startup.o(MAIN) for main


==============================================================================

Removing Unused input sections from the image.

    Removing main.o(CONSTANT_FLASH), (0 bytes).
    Removing main.o(VERIABLE_RAM), (16 bytes).
    Removing main.o(MAIN), (176 bytes).
    Removing startup.o(CONSTANT_FLASH), (0 bytes).

4 unused section(s) (total 192 bytes) removed from the image.

==============================================================================

Image Symbol Table

    Local Symbols

    Symbol Name                              Value     Ov Type        Size  Object(Section)

    main.s                                   0x00000000   Number         0  main.o ABSOLUTE
    startup.s                                0x00000000   Number         0  startup.o ABSOLUTE
    stm32_EQU.s                              0x00000000   Number         0  stm32_equ.o ABSOLUTE
    RESET                                    0x08000000   Section       12  startup.o(RESET)
    startup                                  0x08000009   Thumb Code     4  startup.o(RESET)
    MAIN                                     0x0800000c   Section      176  startup.o(MAIN)
    data                                     0x0800000d   Thumb Code     2  startup.o(MAIN)
    main                                     0x0800000f   Thumb Code   170  startup.o(MAIN)
    VERIABLE_RAM                             0x20000000   Section       16  startup.o(VERIABLE_RAM)
    mas                                      0x20000000   Data          16  startup.o(VERIABLE_RAM)

    Global Symbols

    Symbol Name                              Value     Ov Type        Size  Object(Section)

    BuildAttributes$$THM_ISAv4$P$D$K$B$S$PE$A:L22UL41UL21$X:L11$S22US41US21$IEEE1$IW$USESV6$~STKCKD$USESV7$~SHL$OSPACE$EBA8$STANDARDLIB$PRES8$EABIv2 0x00000000   Number         0  anon$$obj.o ABSOLUTE



==============================================================================

Memory Map of the image

  Image Entry point : 0x08000009

  Load Region LR_IROM1 (Base: 0x08000000, Size: 0x000000cc, Max: 0x00020000, ABSOLUTE)

    Execution Region ER_IROM1 (Exec base: 0x08000000, Load base: 0x08000000, Size: 0x000000bc, Max: 0x00020000, ABSOLUTE)

    Exec Addr    Load Addr    Size         Type   Attr      Idx    E Section Name        Object

    0x08000000   0x08000000   0x0000000c   Code   RO           12  * RESET               startup.o
    0x0800000c   0x0800000c   0x000000b0   Code   RO           11    MAIN                startup.o


    Execution Region RW_IRAM1 (Exec base: 0x20000000, Load base: 0x080000bc, Size: 0x00000010, Max: 0x00005000, ABSOLUTE)

    Exec Addr    Load Addr    Size         Type   Attr      Idx    E Section Name        Object

    0x20000000   0x080000bc   0x00000010   Data   RW           10    VERIABLE_RAM        startup.o


==============================================================================

Image component sizes


      Code (inc. data)   RO Data    RW Data    ZI Data      Debug   Object Name

         0          0          0          0          0         32   main.o
       188         12          0         16          0        692   startup.o

    ----------------------------------------------------------------------
       188         12          0         16          0        724   Object Totals
         0          0          0          0          0          0   (incl. Generated)
         0          0          0          0          0          0   (incl. Padding)

    ----------------------------------------------------------------------
         0          0          0          0          0          0   Library Totals
         0          0          0          0          0          0   (incl. Padding)

    ----------------------------------------------------------------------

==============================================================================


      Code (inc. data)   RO Data    RW Data    ZI Data      Debug   

       188         12          0         16          0        672   Grand Totals
       188         12          0         16          0        672   ELF Image Totals
       188         12          0         16          0          0   ROM Totals

==============================================================================

    Total RO  Size (Code + RO Data)                  188 (   0.18kB)
    Total RW  Size (RW Data + ZI Data)                16 (   0.02kB)
    Total ROM Size (Code + RO Data + RW Data)        204 (   0.20kB)

==============================================================================

